[INFO] Scanning for projects...
[INFO]                                                                         
[INFO] ------------------------------------------------------------------------
[INFO] Building org.locationtech.jts:jts-tests 1.15.0-SNAPSHOT
[INFO] ------------------------------------------------------------------------
[INFO] 
[INFO] --- maven-clean-plugin:2.5:clean (default-clean) @ jts-tests ---
[INFO] Deleting D:\md\proj\jts-lt\git\modules\tests\target
[INFO] 
[INFO] --- maven-resources-plugin:2.6:resources (default-resources) @ jts-tests ---
[INFO] Using 'UTF-8' encoding to copy filtered resources.
[INFO] Copying 0 resource
[INFO] 
[INFO] --- maven-compiler-plugin:3.1:compile (default-compile) @ jts-tests ---
[INFO] Changes detected - recompiling the module!
[INFO] Compiling 1 source file to D:\md\proj\jts-lt\git\modules\tests\target\classes
[INFO] 
[INFO] --- maven-resources-plugin:2.6:testResources (default-testResources) @ jts-tests ---
[INFO] Using 'UTF-8' encoding to copy filtered resources.
[INFO] skip non existing resourceDirectory D:\md\proj\jts-lt\git\modules\tests\src\test\resources
[INFO] 
[INFO] --- maven-compiler-plugin:3.1:testCompile (default-testCompile) @ jts-tests ---
[INFO] Nothing to compile - all classes are up to date
[INFO] 
[INFO] --- maven-surefire-plugin:2.15:test (default-test) @ jts-tests ---
[INFO] No tests to run.
[INFO] 
[INFO] --- maven-jar-plugin:2.4:jar (default-jar) @ jts-tests ---
[INFO] Building jar: D:\md\proj\jts-lt\git\modules\tests\target\jts-tests-1.15.0-SNAPSHOT.jar
[INFO] 
[INFO] --- maven-install-plugin:2.4:install (default-install) @ jts-tests ---
[INFO] Installing D:\md\proj\jts-lt\git\modules\tests\target\jts-tests-1.15.0-SNAPSHOT.jar to C:\Users\mbdavis\.m2\repository\org\locationtech\jts\jts-tests\1.15.0-SNAPSHOT\jts-tests-1.15.0-SNAPSHOT.jar
[INFO] Installing D:\md\proj\jts-lt\git\modules\tests\pom.xml to C:\Users\mbdavis\.m2\repository\org\locationtech\jts\jts-tests\1.15.0-SNAPSHOT\jts-tests-1.15.0-SNAPSHOT.pom
[INFO] ------------------------------------------------------------------------
[INFO] BUILD SUCCESS
[INFO] ------------------------------------------------------------------------
[INFO] Total time: 1.499 s
[INFO] Finished at: 2016-11-21T14:53:52-08:00
[INFO] Final Memory: 15M/486M
[INFO] ------------------------------------------------------------------------
